******************************************************************************
                  TI ARM Linker PC v20.2.7                     
******************************************************************************
>> Linked Mon Feb  5 13:17:37 2024

OUTPUT FILE NAME:   <Lab2.out>
ENTRY POINT SYMBOL: "_c_int00_noargs"  address: 00003809


MEMORY CONFIGURATION

         name            origin    length      used     unused   attr    fill
----------------------  --------  ---------  --------  --------  ----  --------
  FLASH                 00000000   00040000  00003b90  0003c470  R  X
  SRAM                  20000000   00008000  00002311  00005cef  RW X


SEGMENT ALLOCATION MAP

run origin  load origin   length   init length attrs members
----------  ----------- ---------- ----------- ----- -------
00000000    00000000    00003b90   00003b90    r-x
  00000000    00000000    0000026c   0000026c    r-- .intvecs
  0000026c    0000026c    000037bc   000037bc    r-x .text
  00003a28    00003a28    00000118   00000118    r-- .const
  00003b40    00003b40    00000050   00000050    r-- .cinit
20000000    20000000    00002315   00000000    rw-
  20000000    20000000    0000026c   00000000    rw- .vtable
  20000270    20000270    00001000   00000000    rw- .stack
  20001270    20001270    00001000   00000000    rw- .sysmem
  20002270    20002270    00000070   00000000    rw- .bss
  200022e0    200022e0    00000035   00000000    rw- .data


SECTION ALLOCATION MAP

 output                                  attributes/
section   page    origin      length       input sections
--------  ----  ----------  ----------   ----------------
.intvecs   0    00000000    0000026c     
                  00000000    0000026c     tm4c123gh6pm_startup_ccs.obj (.intvecs)

.text      0    0000026c    000037bc     
                  0000026c    00000c20     open_interface.obj (.text)
                  00000e8c    00000a4e     rtsv7M4_T_le_v4SPD16_eabi.lib : _printfi.c.obj (.text:__TI_printfi)
                  000018da    00000002                                   : _lock.c.obj (.text:_nop)
                  000018dc    00000388     movement.obj (.text)
                  00001c64    00000328     lcd.obj (.text)
                  00001f8c    00000270     rtsv7M4_T_le_v4SPD16_eabi.lib : _printfi.c.obj (.text:_pconv_a)
                  000021fc    00000248     Timer.obj (.text)
                  00002444    000001d0     rtsv7M4_T_le_v4SPD16_eabi.lib : _printfi.c.obj (.text:_pconv_g)
                  00002614    000001b6                                   : fd_add_t2.asm.obj (.text)
                  000027ca    00000002                                   : div0.asm.obj (.text)
                  000027cc    0000013c                                   : _printfi.c.obj (.text:_pconv_e)
                  00002908    00000136                                   : fd_div_t2.asm.obj (.text)
                  00002a3e    00000002     --HOLE-- [fill = 0]
                  00002a40    00000124                                   : _printfi.c.obj (.text:fcvt)
                  00002b64    00000110                                   : s_scalbn.c.obj (.text:scalbn)
                  00002c74    00000100                                   : memory.c.obj (.text:aligned_alloc)
                  00002d74    000000fc                                   : fd_mul_t2.asm.obj (.text)
                  00002e70    000000e4                                   : memory.c.obj (.text:free)
                  00002f54    000000b1                                   : _printfi.c.obj (.text:_ltostr)
                  00003005    00000001     --HOLE-- [fill = 0]
                  00003006    0000009c                                   : memcpy_t2.asm.obj (.text)
                  000030a2    00000096                                   : ull_div_t2.asm.obj (.text)
                  00003138    00000086                                   : fd_cmp_t2.asm.obj (.text:__aeabi_cdcmple)
                  000031be    00000086                                   : fd_cmp_t2.asm.obj (.text:__aeabi_cdrcmple)
                  00003244    0000007a                                   : memset_t2.asm.obj (.text)
                  000032be    00000002     --HOLE-- [fill = 0]
                  000032c0    00000070                                   : memory.c.obj (.text:split)
                  00003330    0000006e                                   : _printfi.c.obj (.text:_mcpy)
                  0000339e    0000006e                                   : fd_tos_t2.asm.obj (.text)
                  0000340c    00000068                                   : copy_decompress_lzss.c.obj (.text:decompress:lzss:__TI_decompress_lzss)
                  00003474    00000064                                   : s_frexp.c.obj (.text:frexp)
                  000034d8    00000056                                   : _printfi.c.obj (.text:_pconv_f)
                  0000352e    00000054                                   : _ltoa.c.obj (.text:__TI_ltoa)
                  00003582    00000052                                   : _printfi.c.obj (.text:_ecpy)
                  000035d4    0000004c                                   : atoi.c.obj (.text:atoi)
                  00003620    00000048                                   : fd_toi_t2.asm.obj (.text)
                  00003668    00000044                                   : autoinit.c.obj (.text:__TI_auto_init_nobinit_nopinit:__TI_auto_init_nobinit_nopinit)
                  000036ac    00000040                                   : vsnprintf.c.obj (.text:vsnprintf)
                  000036ec    0000003e                                   : _printfi.c.obj (.text:_fcpy)
                  0000372a    00000002     --HOLE-- [fill = 0]
                  0000372c    00000038                                   : memory.c.obj (.text:calloc)
                  00003764    00000038     helloworld.obj (.text)
                  0000379c    00000038     rtsv7M4_T_le_v4SPD16_eabi.lib : fs_tod_t2.asm.obj (.text)
                  000037d4    00000034     driverlib.lib : interrupt.obj (.text:IntRegister)
                  00003808    00000034     rtsv7M4_T_le_v4SPD16_eabi.lib : boot_cortex_m.c.obj (.text:_c_int00_noargs:_c_int00_noargs)
                  0000383c    00000030                                   : vsnprintf.c.obj (.text:_outs)
                  0000386c    0000002e                                   : i_tofd_t2.asm.obj (.text)
                  0000389a    00000002     --HOLE-- [fill = 0]
                  0000389c    00000028                                   : memory.c.obj (.text:free_list_insert)
                  000038c4    0000001c                                   : copy_zero_init.c.obj (.text:decompress:ZI:__TI_zero_init_nomemset:__TI_zero_init_nomemset)
                  000038e0    0000001c                                   : memory.c.obj (.text:free_list_remove)
                  000038fc    0000001c                                   : memccpy.c.obj (.text:memccpy)
                  00003918    0000001a                                   : s_copysign.c.obj (.text:copysign)
                  00003932    00000018                                   : vsnprintf.c.obj (.text:_outc)
                  0000394a    00000018     open_interface.obj (.text:oi_parseInt)
                  00003962    00000018     rtsv7M4_T_le_v4SPD16_eabi.lib : strcmp.c.obj (.text:strcmp)
                  0000397a    00000016                                   : strchr.c.obj (.text:strchr)
                  00003990    00000014                                   : strcpy.c.obj (.text:strcpy)
                  000039a4    00000014                                   : strlen.c.obj (.text:strlen)
                  000039b8    00000012                                   : wcslen.c.obj (.text:wcslen)
                  000039ca    00000010     driverlib.lib : interrupt.obj (.text:IntMasterEnable)
                  000039da    00000010     lcd.obj (.text:lcd_clear)
                  000039ea    0000000e     rtsv7M4_T_le_v4SPD16_eabi.lib : copy_decompress_none.c.obj (.text:decompress:none:__TI_decompress_none)
                  000039f8    0000000c     driverlib.lib : cpu.obj (.text:CPUcpsie)
                  00003a04    0000000c     tm4c123gh6pm_startup_ccs.obj (.text)
                  00003a10    00000008     rtsv7M4_T_le_v4SPD16_eabi.lib : errno.c.obj (.text:__aeabi_errno_addr)
                  00003a18    00000008                                   : memory.c.obj (.text:malloc)
                  00003a20    00000004                                   : pre_init.c.obj (.text:_system_pre_init)
                  00003a24    00000004                                   : exit.c.obj (.text:abort:abort)

.const     0    00003a28    00000118     
                  00003a28    00000101     rtsv7M4_T_le_v4SPD16_eabi.lib : ctype.c.obj (.const:.string:_ctypes_)
                  00003b29    0000000f     open_interface.obj (.const:.string:$P$T0$3)
                  00003b38    00000004     lcd.obj (.const:.string:lineAddress$1)
                  00003b3c    00000004     lcd.obj (.const:.string:lineAddresses$2)

.cinit     0    00003b40    00000050     
                  00003b40    00000018     (.cinit..data.load) [load image, compression = lzss]
                  00003b58    0000000c     (__TI_handler_table)
                  00003b64    00000004     --HOLE-- [fill = 0]
                  00003b68    00000008     (.cinit..bss.load) [load image, compression = zero_init]
                  00003b70    00000008     (.cinit..vtable.load) [load image, compression = zero_init]
                  00003b78    00000018     (__TI_cinit_table)

.init_array 
*          0    00000000    00000000     UNINITIALIZED

.vtable    0    20000000    0000026c     UNINITIALIZED
                  20000000    0000026c     driverlib.lib : interrupt.obj (.vtable)

.stack     0    20000270    00001000     UNINITIALIZED
                  20000270    00000004     rtsv7M4_T_le_v4SPD16_eabi.lib : boot_cortex_m.c.obj (.stack)
                  20000274    00000ffc     --HOLE--

.sysmem    0    20001270    00001000     UNINITIALIZED
                  20001270    00000010     rtsv7M4_T_le_v4SPD16_eabi.lib : memory.c.obj (.sysmem)
                  20001280    00000ff0     --HOLE--

.bss       0    20002270    00000070     UNINITIALIZED
                  20002270    00000054     lcd.obj (.bss:lastbuffer$3)
                  200022c4    00000018     open_interface.obj (.bss:firmware$2)
                  200022dc    00000004     (.common:_timeout_ticks)

.data      0    200022e0    00000035     UNINITIALIZED
                  200022e0    00000020     open_interface.obj (.data)
                  20002300    00000008     rtsv7M4_T_le_v4SPD16_eabi.lib : _lock.c.obj (.data:$O1$$)
                  20002308    00000008                                   : memory.c.obj (.data:$O1$$)
                  20002310    00000004                                   : errno.c.obj (.data)
                  20002314    00000001     Timer.obj (.data)

__llvm_prf_cnts 
*          0    20000000    00000000     UNINITIALIZED

MODULE SUMMARY

       Module                         code    ro data   rw data
       ------                         ----    -------   -------
    .\
       open_interface.obj             3128    15        56     
       lcd.obj                        824     8         84     
       movement.obj                   904     0         0      
       tm4c123gh6pm_startup_ccs.obj   12      620       0      
       Timer.obj                      584     0         5      
       helloworld.obj                 56      0         0      
    +--+------------------------------+-------+---------+---------+
       Total:                         5508    643       145    
                                                               
    C:/ti/TivaWare_C_Series-2.2.0.295/driverlib/ccs/Debug/driverlib.lib
       interrupt.obj                  68      0         620    
       cpu.obj                        12      0         0      
    +--+------------------------------+-------+---------+---------+
       Total:                         80      0         620    
                                                               
    C:\ti\ccs1230\ccs\tools\compiler\ti-cgt-arm_20.2.7.LTS\lib\rtsv7M4_T_le_v4SPD16_eabi.lib
       _printfi.c.obj                 4851    0         0      
       memory.c.obj                   728     0         8      
       fd_add_t2.asm.obj              438     0         0      
       fd_div_t2.asm.obj              310     0         0      
       s_scalbn.c.obj                 272     0         0      
       fd_cmp_t2.asm.obj              268     0         0      
       ctype.c.obj                    0       257       0      
       fd_mul_t2.asm.obj              252     0         0      
       memcpy_t2.asm.obj              156     0         0      
       ull_div_t2.asm.obj             150     0         0      
       vsnprintf.c.obj                136     0         0      
       memset_t2.asm.obj              122     0         0      
       fd_tos_t2.asm.obj              110     0         0      
       copy_decompress_lzss.c.obj     104     0         0      
       s_frexp.c.obj                  100     0         0      
       _ltoa.c.obj                    84      0         0      
       atoi.c.obj                     76      0         0      
       fd_toi_t2.asm.obj              72      0         0      
       autoinit.c.obj                 68      0         0      
       fs_tod_t2.asm.obj              56      0         0      
       boot_cortex_m.c.obj            52      0         0      
       i_tofd_t2.asm.obj              46      0         0      
       copy_zero_init.c.obj           28      0         0      
       memccpy.c.obj                  28      0         0      
       s_copysign.c.obj               26      0         0      
       strcmp.c.obj                   24      0         0      
       strchr.c.obj                   22      0         0      
       strcpy.c.obj                   20      0         0      
       strlen.c.obj                   20      0         0      
       wcslen.c.obj                   18      0         0      
       copy_decompress_none.c.obj     14      0         0      
       errno.c.obj                    8       0         4      
       _lock.c.obj                    2       0         8      
       exit.c.obj                     4       0         0      
       pre_init.c.obj                 4       0         0      
       div0.asm.obj                   2       0         0      
    +--+------------------------------+-------+---------+---------+
       Total:                         8671    257       20     
                                                               
       Heap:                          0       0         4096   
       Stack:                         0       0         4096   
       Linker Generated:              0       76        0      
    +--+------------------------------+-------+---------+---------+
       Grand Total:                   14259   976       8977   


LINKER GENERATED COPY TABLES

__TI_cinit_table @ 00003b78 records: 3, size/record: 8, table size: 24
	.data: load addr=00003b40, load size=00000018 bytes, run addr=200022e0, run size=00000035 bytes, compression=lzss
	.bss: load addr=00003b68, load size=00000008 bytes, run addr=20002270, run size=00000070 bytes, compression=zero_init
	.vtable: load addr=00003b70, load size=00000008 bytes, run addr=20000000, run size=0000026c bytes, compression=zero_init


LINKER GENERATED HANDLER TABLE

__TI_handler_table @ 00003b58 records: 3, size/record: 4, table size: 12
	index: 0, handler: __TI_zero_init
	index: 1, handler: __TI_decompress_lzss
	index: 2, handler: __TI_decompress_none


GLOBAL SYMBOLS: SORTED ALPHABETICALLY BY Name 

address   name                          
-------   ----                          
00003a25  C$$EXIT                       
000039f9  CPUcpsie                      
00000bc3  GPIOF_Handler                 
000039cb  IntMasterEnable               
000037d5  IntRegister                   
00003a05  ResetISR                      
20001270  __STACK_END                   
00001000  __STACK_SIZE                  
20000470  __STACK_TOP                   
00001000  __SYSMEM_SIZE                 
00003b78  __TI_CINIT_Base               
00003b90  __TI_CINIT_Limit              
00003b58  __TI_Handler_Table_Base       
00003b64  __TI_Handler_Table_Limit      
00003669  __TI_auto_init_nobinit_nopinit
0000340d  __TI_decompress_lzss          
000039eb  __TI_decompress_none          
0000352f  __TI_ltoa                     
ffffffff  __TI_pprof_out_hndl           
00000e8d  __TI_printfi                  
ffffffff  __TI_prof_data_size           
ffffffff  __TI_prof_data_start          
00000000  __TI_static_base__            
000038c5  __TI_zero_init_nomemset       
00003139  __aeabi_cdcmpeq               
00003139  __aeabi_cdcmple               
000031bf  __aeabi_cdrcmple              
0000339f  __aeabi_d2f                   
00003621  __aeabi_d2iz                  
0000261f  __aeabi_dadd                  
00002909  __aeabi_ddiv                  
00002d75  __aeabi_dmul                  
00002615  __aeabi_dsub                  
00003a11  __aeabi_errno_addr            
0000379d  __aeabi_f2d                   
0000386d  __aeabi_i2d                   
000027cb  __aeabi_idiv0                 
000027cb  __aeabi_ldiv0                 
00003245  __aeabi_memclr                
00003245  __aeabi_memclr4               
00003245  __aeabi_memclr8               
00003007  __aeabi_memcpy                
00003007  __aeabi_memcpy4               
00003007  __aeabi_memcpy8               
00003247  __aeabi_memset                
00003247  __aeabi_memset4               
00003247  __aeabi_memset8               
000030a3  __aeabi_uldivmod              
ffffffff  __binit__                     
ffffffff  __c_args__                    
UNDEFED   __mpu_init                    
20000270  __stack                       
20000000  __start___llvm_prf_cnts       
20000000  __stop___llvm_prf_cnts        
00003809  _c_int00_noargs               
00003a28  _ctypes_                      
20002300  _lock                         
000018db  _nop                          
20002314  _running                      
20001270  _sys_memory                   
UNDEFED   _system_post_cinit            
00003a21  _system_pre_init              
200022dc  _timeout_ticks                
20002304  _unlock                       
00003a25  abort                         
00002c75  aligned_alloc                 
000035d5  atoi                          
00001949  backward                      
ffffffff  binit                         
0000372d  calloc                        
00003919  copysign                      
00003919  copysignl                     
20002310  errno                         
000018dd  forward                       
00002e71  free                          
00003475  frexp                         
00003475  frexpl                        
20000000  g_pfnRAMVectors               
00000000  g_pfnVectors                  
0000097f  go_charge                     
000039db  lcd_clear                     
00001e39  lcd_gotoLine                  
00001ca1  lcd_init                      
00001e9f  lcd_printf                    
00001d61  lcd_putc                      
00001d99  lcd_puts                      
00001c65  lcd_reverseNibble             
00001db7  lcd_sendCommand               
00001df5  lcd_sendNibble                
00001e61  lcd_setCursorPos              
00002b65  ldexp                         
00002b65  ldexpl                        
00003765  main                          
00003a19  malloc                        
00002c75  memalign                      
000038fd  memccpy                       
00003007  memcpy                        
0000324d  memset                        
200022e0  motor_cal_factor_L            
200022e4  motor_cal_factor_R            
00001a7d  obstacle_bumper               
0000026d  oi_alloc                      
00000aa9  oi_checkFirmware              
000002c7  oi_close                      
00000279  oi_free                       
00000ded  oi_getMotorCalibrationLeft    
00000e01  oi_getMotorCalibrationRight   
000002b1  oi_init                       
00000289  oi_init_noupdate              
00000915  oi_loadSong                   
0000394b  oi_parseInt                   
0000032b  oi_parsePacket                
0000096b  oi_play_song                  
0000084b  oi_setLeds                    
00000db1  oi_setMotorCalibration        
0000088f  oi_setWheels                  
00000b51  oi_shutoff_init               
0000098d  oi_uartInit                   
00000a31  oi_uartReceive                
00000a77  oi_uartSendBuff               
00000a15  oi_uartSendChar               
00000a59  oi_uartSendStr                
000002d9  oi_update                     
00002b65  scalbn                        
00002b65  scalbnl                       
0000397b  strchr                        
00003963  strcmp                        
00003991  strcpy                        
000039a5  strlen                        
0000231b  timer_getMicros               
000022c3  timer_getMillis               
000021fd  timer_init                    
0000229f  timer_pause                   
000022b1  timer_resume                  
00002275  timer_stop                    
00002375  timer_waitMicros              
000023a7  timer_waitMillis              
00001a0f  turn_left                     
000019ad  turn_right                    
000036ad  vsnprintf                     
000039b9  wcslen                        


GLOBAL SYMBOLS: SORTED BY Symbol Address 

address   name                          
-------   ----                          
00000000  __TI_static_base__            
00000000  g_pfnVectors                  
0000026d  oi_alloc                      
00000279  oi_free                       
00000289  oi_init_noupdate              
000002b1  oi_init                       
000002c7  oi_close                      
000002d9  oi_update                     
0000032b  oi_parsePacket                
0000084b  oi_setLeds                    
0000088f  oi_setWheels                  
00000915  oi_loadSong                   
0000096b  oi_play_song                  
0000097f  go_charge                     
0000098d  oi_uartInit                   
00000a15  oi_uartSendChar               
00000a31  oi_uartReceive                
00000a59  oi_uartSendStr                
00000a77  oi_uartSendBuff               
00000aa9  oi_checkFirmware              
00000b51  oi_shutoff_init               
00000bc3  GPIOF_Handler                 
00000db1  oi_setMotorCalibration        
00000ded  oi_getMotorCalibrationLeft    
00000e01  oi_getMotorCalibrationRight   
00000e8d  __TI_printfi                  
00001000  __STACK_SIZE                  
00001000  __SYSMEM_SIZE                 
000018db  _nop                          
000018dd  forward                       
00001949  backward                      
000019ad  turn_right                    
00001a0f  turn_left                     
00001a7d  obstacle_bumper               
00001c65  lcd_reverseNibble             
00001ca1  lcd_init                      
00001d61  lcd_putc                      
00001d99  lcd_puts                      
00001db7  lcd_sendCommand               
00001df5  lcd_sendNibble                
00001e39  lcd_gotoLine                  
00001e61  lcd_setCursorPos              
00001e9f  lcd_printf                    
000021fd  timer_init                    
00002275  timer_stop                    
0000229f  timer_pause                   
000022b1  timer_resume                  
000022c3  timer_getMillis               
0000231b  timer_getMicros               
00002375  timer_waitMicros              
000023a7  timer_waitMillis              
00002615  __aeabi_dsub                  
0000261f  __aeabi_dadd                  
000027cb  __aeabi_idiv0                 
000027cb  __aeabi_ldiv0                 
00002909  __aeabi_ddiv                  
00002b65  ldexp                         
00002b65  ldexpl                        
00002b65  scalbn                        
00002b65  scalbnl                       
00002c75  aligned_alloc                 
00002c75  memalign                      
00002d75  __aeabi_dmul                  
00002e71  free                          
00003007  __aeabi_memcpy                
00003007  __aeabi_memcpy4               
00003007  __aeabi_memcpy8               
00003007  memcpy                        
000030a3  __aeabi_uldivmod              
00003139  __aeabi_cdcmpeq               
00003139  __aeabi_cdcmple               
000031bf  __aeabi_cdrcmple              
00003245  __aeabi_memclr                
00003245  __aeabi_memclr4               
00003245  __aeabi_memclr8               
00003247  __aeabi_memset                
00003247  __aeabi_memset4               
00003247  __aeabi_memset8               
0000324d  memset                        
0000339f  __aeabi_d2f                   
0000340d  __TI_decompress_lzss          
00003475  frexp                         
00003475  frexpl                        
0000352f  __TI_ltoa                     
000035d5  atoi                          
00003621  __aeabi_d2iz                  
00003669  __TI_auto_init_nobinit_nopinit
000036ad  vsnprintf                     
0000372d  calloc                        
00003765  main                          
0000379d  __aeabi_f2d                   
000037d5  IntRegister                   
00003809  _c_int00_noargs               
0000386d  __aeabi_i2d                   
000038c5  __TI_zero_init_nomemset       
000038fd  memccpy                       
00003919  copysign                      
00003919  copysignl                     
0000394b  oi_parseInt                   
00003963  strcmp                        
0000397b  strchr                        
00003991  strcpy                        
000039a5  strlen                        
000039b9  wcslen                        
000039cb  IntMasterEnable               
000039db  lcd_clear                     
000039eb  __TI_decompress_none          
000039f9  CPUcpsie                      
00003a05  ResetISR                      
00003a11  __aeabi_errno_addr            
00003a19  malloc                        
00003a21  _system_pre_init              
00003a25  C$$EXIT                       
00003a25  abort                         
00003a28  _ctypes_                      
00003b58  __TI_Handler_Table_Base       
00003b64  __TI_Handler_Table_Limit      
00003b78  __TI_CINIT_Base               
00003b90  __TI_CINIT_Limit              
20000000  __start___llvm_prf_cnts       
20000000  __stop___llvm_prf_cnts        
20000000  g_pfnRAMVectors               
20000270  __stack                       
20000470  __STACK_TOP                   
20001270  __STACK_END                   
20001270  _sys_memory                   
200022dc  _timeout_ticks                
200022e0  motor_cal_factor_L            
200022e4  motor_cal_factor_R            
20002300  _lock                         
20002304  _unlock                       
20002310  errno                         
20002314  _running                      
ffffffff  __TI_pprof_out_hndl           
ffffffff  __TI_prof_data_size           
ffffffff  __TI_prof_data_start          
ffffffff  __binit__                     
ffffffff  __c_args__                    
ffffffff  binit                         
UNDEFED   __mpu_init                    
UNDEFED   _system_post_cinit            

[141 symbols]
