******************************************************************************
                  TI ARM Linker PC v20.2.7                     
******************************************************************************
>> Linked Tue Feb 13 11:57:45 2024

OUTPUT FILE NAME:   <Lab3.out>
ENTRY POINT SYMBOL: "_c_int00_noargs"  address: 000047b5


MEMORY CONFIGURATION

         name            origin    length      used     unused   attr    fill
----------------------  --------  ---------  --------  --------  ----  --------
  FLASH                 00000000   00040000  00004b64  0003b49c  R  X
  SRAM                  20000000   00008000  0000236a  00005c96  RW X


SEGMENT ALLOCATION MAP

run origin  load origin   length   init length attrs members
----------  ----------- ---------- ----------- ----- -------
00000000    00000000    00004b68   00004b68    r-x
  00000000    00000000    0000026c   0000026c    r-- .intvecs
  0000026c    0000026c    00004790   00004790    r-x .text
  000049fc    000049fc    00000118   00000118    r-- .const
  00004b18    00004b18    00000050   00000050    r-- .cinit
20000000    20000000    00002371   00000000    rw-
  20000000    20000000    0000026c   00000000    rw- .vtable
  20000270    20000270    00001000   00000000    rw- .stack
  20001270    20001270    00001000   00000000    rw- .sysmem
  20002270    20002270    000000bd   00000000    rw- .bss
  20002330    20002330    00000041   00000000    rw- .data


SECTION ALLOCATION MAP

 output                                  attributes/
section   page    origin      length       input sections
--------  ----  ----------  ----------   ----------------
.intvecs   0    00000000    0000026c     
                  00000000    0000026c     tm4c123gh6pm_startup_ccs.obj (.intvecs)

.text      0    0000026c    00004790     
                  0000026c    00000c20     open_interface.obj (.text)
                  00000e8c    00000a4e     rtsv7M4_T_le_v4SPD16_eabi.lib : _printfi.c.obj (.text:__TI_printfi)
                  000018da    00000002                                   : _lock.c.obj (.text:_nop)
                  000018dc    00000430     helloworld.obj (.text)
                  00001d0c    000003cc     movement.obj (.text)
                  000020d8    00000328     lcd.obj (.text)
                  00002400    00000270     rtsv7M4_T_le_v4SPD16_eabi.lib : _printfi.c.obj (.text:_pconv_a)
                  00002670    00000260     libcybotScan.lib : cyBot_Scan.obj (.text)
                  000028d0    00000248     Timer.obj (.text)
                  00002b18    000001ec     libcybotScan.lib : ping.obj (.text)
                  00002d04    000001d0     rtsv7M4_T_le_v4SPD16_eabi.lib : _printfi.c.obj (.text:_pconv_g)
                  00002ed4    000001b6                                   : fd_add_t2.asm.obj (.text)
                  0000308a    00000002                                   : div0.asm.obj (.text)
                  0000308c    0000015c     libcybotUART.lib : uart.obj (.text)
                  000031e8    00000158     libcybotScan.lib : servo.obj (.text)
                  00003340    0000014c     rtsv7M4_T_le_v4SPD16_eabi.lib : vla_alloc.c.obj (.text:__vla_alloc)
                  0000348c    0000013c                                   : _printfi.c.obj (.text:_pconv_e)
                  000035c8    00000136                                   : fd_div_t2.asm.obj (.text)
                  000036fe    00000002     --HOLE-- [fill = 0]
                  00003700    00000124                                   : _printfi.c.obj (.text:fcvt)
                  00003824    00000118     libcybotScan.lib : ir.obj (.text)
                  0000393c    00000110     rtsv7M4_T_le_v4SPD16_eabi.lib : s_scalbn.c.obj (.text:scalbn)
                  00003a4c    00000100                                   : memory.c.obj (.text:aligned_alloc)
                  00003b4c    000000fc                                   : fd_mul_t2.asm.obj (.text)
                  00003c48    000000e4                                   : memory.c.obj (.text:free)
                  00003d2c    000000e4                                   : memory.c.obj (.text:realloc)
                  00003e10    000000b1                                   : _printfi.c.obj (.text:_ltostr)
                  00003ec1    00000001     --HOLE-- [fill = 0]
                  00003ec2    0000009c                                   : memcpy_t2.asm.obj (.text)
                  00003f5e    00000096                                   : ull_div_t2.asm.obj (.text)
                  00003ff4    00000086                                   : fd_cmp_t2.asm.obj (.text:__aeabi_cdcmple)
                  0000407a    00000086                                   : fd_cmp_t2.asm.obj (.text:__aeabi_cdrcmple)
                  00004100    0000007a                                   : memset_t2.asm.obj (.text)
                  0000417a    00000002     --HOLE-- [fill = 0]
                  0000417c    00000078                                   : vla_alloc.c.obj (.text:_ZN33_INTERNAL_11_vla_alloc_c_be8bd49b21free_dead_allocationsEPv)
                  000041f4    00000070                                   : vla_alloc.c.obj (.text:__vla_dealloc)
                  00004264    00000070                                   : memory.c.obj (.text:split)
                  000042d4    0000006e                                   : _printfi.c.obj (.text:_mcpy)
                  00004342    0000006e                                   : fd_tos_t2.asm.obj (.text)
                  000043b0    00000068                                   : copy_decompress_lzss.c.obj (.text:decompress:lzss:__TI_decompress_lzss)
                  00004418    00000064                                   : s_frexp.c.obj (.text:frexp)
                  0000447c    00000056                                   : _printfi.c.obj (.text:_pconv_f)
                  000044d2    00000054                                   : _ltoa.c.obj (.text:__TI_ltoa)
                  00004526    00000052                                   : _printfi.c.obj (.text:_ecpy)
                  00004578    0000004c                                   : atoi.c.obj (.text:atoi)
                  000045c4    00000048                                   : fd_toi_t2.asm.obj (.text)
                  0000460c    00000044                                   : autoinit.c.obj (.text:__TI_auto_init_nobinit_nopinit:__TI_auto_init_nobinit_nopinit)
                  00004650    00000040                                   : sprintf.c.obj (.text:sprintf)
                  00004690    00000040                                   : vsnprintf.c.obj (.text:vsnprintf)
                  000046d0    0000003e                                   : _printfi.c.obj (.text:_fcpy)
                  0000470e    00000002     --HOLE-- [fill = 0]
                  00004710    00000038                                   : memory.c.obj (.text:calloc)
                  00004748    00000038                                   : fs_tod_t2.asm.obj (.text)
                  00004780    00000034     driverlib.lib : interrupt.obj (.text:IntRegister)
                  000047b4    00000034     rtsv7M4_T_le_v4SPD16_eabi.lib : boot_cortex_m.c.obj (.text:_c_int00_noargs:_c_int00_noargs)
                  000047e8    00000030                                   : vsnprintf.c.obj (.text:_outs)
                  00004818    0000002e                                   : i_tofd_t2.asm.obj (.text)
                  00004846    00000002     --HOLE-- [fill = 0]
                  00004848    00000028                                   : memory.c.obj (.text:free_list_insert)
                  00004870    0000001c                                   : copy_zero_init.c.obj (.text:decompress:ZI:__TI_zero_init_nomemset:__TI_zero_init_nomemset)
                  0000488c    0000001c                                   : memory.c.obj (.text:free_list_remove)
                  000048a8    0000001c                                   : memccpy.c.obj (.text:memccpy)
                  000048c4    0000001a                                   : s_copysign.c.obj (.text:copysign)
                  000048de    00000018                                   : vsnprintf.c.obj (.text:_outc)
                  000048f6    00000018                                   : sprintf.c.obj (.text:_outs)
                  0000490e    00000018     open_interface.obj (.text:oi_parseInt)
                  00004926    00000018     rtsv7M4_T_le_v4SPD16_eabi.lib : strcmp.c.obj (.text:strcmp)
                  0000493e    00000016                                   : strchr.c.obj (.text:strchr)
                  00004954    00000014                                   : strcpy.c.obj (.text:strcpy)
                  00004968    00000014                                   : strlen.c.obj (.text:strlen)
                  0000497c    00000012                                   : wcslen.c.obj (.text:wcslen)
                  0000498e    00000010     driverlib.lib : interrupt.obj (.text:IntMasterEnable)
                  0000499e    00000010     lcd.obj (.text:lcd_clear)
                  000049ae    0000000e     rtsv7M4_T_le_v4SPD16_eabi.lib : copy_decompress_none.c.obj (.text:decompress:none:__TI_decompress_none)
                  000049bc    0000000c     driverlib.lib : cpu.obj (.text:CPUcpsie)
                  000049c8    0000000c     tm4c123gh6pm_startup_ccs.obj (.text)
                  000049d4    0000000a     rtsv7M4_T_le_v4SPD16_eabi.lib : sprintf.c.obj (.text:_outc)
                  000049de    00000002     --HOLE-- [fill = 0]
                  000049e0    00000008                                   : errno.c.obj (.text:__aeabi_errno_addr)
                  000049e8    00000008                                   : memory.c.obj (.text:malloc)
                  000049f0    00000004                                   : error.c.obj (.text:__abort_execution)
                  000049f4    00000004                                   : pre_init.c.obj (.text:_system_pre_init)
                  000049f8    00000004                                   : exit.c.obj (.text:abort:abort)

.const     0    000049fc    00000118     
                  000049fc    00000101     rtsv7M4_T_le_v4SPD16_eabi.lib : ctype.c.obj (.const:.string:_ctypes_)
                  00004afd    0000000f     open_interface.obj (.const:.string:$P$T0$3)
                  00004b0c    00000004     lcd.obj (.const:.string:lineAddress$1)
                  00004b10    00000004     lcd.obj (.const:.string:lineAddresses$2)

.cinit     0    00004b18    00000050     
                  00004b18    00000019     (.cinit..data.load) [load image, compression = lzss]
                  00004b31    00000003     --HOLE-- [fill = 0]
                  00004b34    0000000c     (__TI_handler_table)
                  00004b40    00000008     (.cinit..bss.load) [load image, compression = zero_init]
                  00004b48    00000008     (.cinit..vtable.load) [load image, compression = zero_init]
                  00004b50    00000018     (__TI_cinit_table)

.init_array 
*          0    00000000    00000000     UNINITIALIZED

.vtable    0    20000000    0000026c     UNINITIALIZED
                  20000000    0000026c     driverlib.lib : interrupt.obj (.vtable)

.stack     0    20000270    00001000     UNINITIALIZED
                  20000270    00000004     rtsv7M4_T_le_v4SPD16_eabi.lib : boot_cortex_m.c.obj (.stack)
                  20000274    00000ffc     --HOLE--

.sysmem    0    20001270    00001000     UNINITIALIZED
                  20001270    00000010     rtsv7M4_T_le_v4SPD16_eabi.lib : memory.c.obj (.sysmem)
                  20001280    00000ff0     --HOLE--

.bss       0    20002270    000000bd     UNINITIALIZED
                  20002270    00000054     lcd.obj (.bss:lastbuffer$3)
                  200022c4    00000034     (.common:isr_char_buffer)
                  200022f8    00000018     open_interface.obj (.bss:firmware$2)
                  20002310    00000004     (.common:_timeout_ticks)
                  20002314    00000004     (.common:fallingEdge)
                  20002318    00000004     (.common:isr_int_value)
                  2000231c    00000004     (.common:left_calibration_value)
                  20002320    00000004     (.common:pulseLength)
                  20002324    00000004     (.common:right_calibration_value)
                  20002328    00000004     (.common:risingEdge)
                  2000232c    00000001     (.common:isRisingEdge)

.data      0    20002330    00000041     UNINITIALIZED
                  20002330    00000020     open_interface.obj (.data)
                  20002350    00000008     rtsv7M4_T_le_v4SPD16_eabi.lib : _lock.c.obj (.data:$O1$$)
                  20002358    00000008                                   : memory.c.obj (.data:$O1$$)
                  20002360    00000004     libcybotScan.lib : cyBot_Scan.obj (.data)
                  20002364    00000004     libcybotUART.lib : uart.obj (.data)
                  20002368    00000004     rtsv7M4_T_le_v4SPD16_eabi.lib : errno.c.obj (.data)
                  2000236c    00000004                                   : vla_alloc.c.obj (.data)
                  20002370    00000001     Timer.obj (.data)

__llvm_prf_cnts 
*          0    20000000    00000000     UNINITIALIZED

MODULE SUMMARY

       Module                         code    ro data   rw data
       ------                         ----    -------   -------
    .\
       open_interface.obj             3128    15        56     
       helloworld.obj                 1072    0         8      
       movement.obj                   972     0         0      
       lcd.obj                        824     8         84     
       tm4c123gh6pm_startup_ccs.obj   12      620       0      
       Timer.obj                      584     0         5      
    +--+------------------------------+-------+---------+---------+
       Total:                         6592    643       153    
                                                               
    ../libcybotScan.lib
       cyBot_Scan.obj                 608     0         4      
       ping.obj                       492     0         13     
       servo.obj                      344     0         0      
       ir.obj                         280     0         4      
    +--+------------------------------+-------+---------+---------+
       Total:                         1724    0         21     
                                                               
    ../libcybotUART.lib
       uart.obj                       348     0         56     
    +--+------------------------------+-------+---------+---------+
       Total:                         348     0         56     
                                                               
    C:/ti/TivaWare_C_Series-2.2.0.295/driverlib/ccs/Debug/driverlib.lib
       interrupt.obj                  68      0         620    
       cpu.obj                        12      0         0      
    +--+------------------------------+-------+---------+---------+
       Total:                         80      0         620    
                                                               
    C:\ti\ccs1230\ccs\tools\compiler\ti-cgt-arm_20.2.7.LTS\lib\rtsv7M4_T_le_v4SPD16_eabi.lib
       _printfi.c.obj                 4851    0         0      
       memory.c.obj                   956     0         8      
       vla_alloc.c.obj                564     0         4      
       fd_add_t2.asm.obj              438     0         0      
       fd_div_t2.asm.obj              310     0         0      
       s_scalbn.c.obj                 272     0         0      
       fd_cmp_t2.asm.obj              268     0         0      
       ctype.c.obj                    0       257       0      
       fd_mul_t2.asm.obj              252     0         0      
       memcpy_t2.asm.obj              156     0         0      
       ull_div_t2.asm.obj             150     0         0      
       vsnprintf.c.obj                136     0         0      
       memset_t2.asm.obj              122     0         0      
       fd_tos_t2.asm.obj              110     0         0      
       copy_decompress_lzss.c.obj     104     0         0      
       s_frexp.c.obj                  100     0         0      
       sprintf.c.obj                  98      0         0      
       _ltoa.c.obj                    84      0         0      
       atoi.c.obj                     76      0         0      
       fd_toi_t2.asm.obj              72      0         0      
       autoinit.c.obj                 68      0         0      
       fs_tod_t2.asm.obj              56      0         0      
       boot_cortex_m.c.obj            52      0         0      
       i_tofd_t2.asm.obj              46      0         0      
       copy_zero_init.c.obj           28      0         0      
       memccpy.c.obj                  28      0         0      
       s_copysign.c.obj               26      0         0      
       strcmp.c.obj                   24      0         0      
       strchr.c.obj                   22      0         0      
       strcpy.c.obj                   20      0         0      
       strlen.c.obj                   20      0         0      
       wcslen.c.obj                   18      0         0      
       copy_decompress_none.c.obj     14      0         0      
       errno.c.obj                    8       0         4      
       _lock.c.obj                    2       0         8      
       error.c.obj                    4       0         0      
       exit.c.obj                     4       0         0      
       pre_init.c.obj                 4       0         0      
       div0.asm.obj                   2       0         0      
    +--+------------------------------+-------+---------+---------+
       Total:                         9565    257       24     
                                                               
       Heap:                          0       0         4096   
       Stack:                         0       0         4096   
       Linker Generated:              0       77        0      
    +--+------------------------------+-------+---------+---------+
       Grand Total:                   18309   977       9066   


LINKER GENERATED COPY TABLES

__TI_cinit_table @ 00004b50 records: 3, size/record: 8, table size: 24
	.data: load addr=00004b18, load size=00000019 bytes, run addr=20002330, run size=00000041 bytes, compression=lzss
	.bss: load addr=00004b40, load size=00000008 bytes, run addr=20002270, run size=000000bd bytes, compression=zero_init
	.vtable: load addr=00004b48, load size=00000008 bytes, run addr=20000000, run size=0000026c bytes, compression=zero_init


LINKER GENERATED HANDLER TABLE

__TI_handler_table @ 00004b34 records: 3, size/record: 4, table size: 12
	index: 0, handler: __TI_zero_init
	index: 1, handler: __TI_decompress_lzss
	index: 2, handler: __TI_decompress_none


GLOBAL SYMBOLS: SORTED ALPHABETICALLY BY Name 

address   name                          
-------   ----                          
000038bd  ADC0SS0_Handler               
000049f9  C$$EXIT                       
000049bd  CPUcpsie                      
00000bc3  GPIOF_Handler                 
0000498f  IntMasterEnable               
00004781  IntRegister                   
000049c9  ResetISR                      
00002c09  TIMER3B_Handler               
20001270  __STACK_END                   
00001000  __STACK_SIZE                  
20000470  __STACK_TOP                   
00001000  __SYSMEM_SIZE                 
00004b50  __TI_CINIT_Base               
00004b68  __TI_CINIT_Limit              
00004b34  __TI_Handler_Table_Base       
00004b40  __TI_Handler_Table_Limit      
0000460d  __TI_auto_init_nobinit_nopinit
000043b1  __TI_decompress_lzss          
000049af  __TI_decompress_none          
000044d3  __TI_ltoa                     
ffffffff  __TI_pprof_out_hndl           
00000e8d  __TI_printfi                  
ffffffff  __TI_prof_data_size           
ffffffff  __TI_prof_data_start          
00000000  __TI_static_base__            
00004871  __TI_zero_init_nomemset       
000049f1  __abort_execution             
00003ff5  __aeabi_cdcmpeq               
00003ff5  __aeabi_cdcmple               
0000407b  __aeabi_cdrcmple              
00004343  __aeabi_d2f                   
000045c5  __aeabi_d2iz                  
00002edf  __aeabi_dadd                  
000035c9  __aeabi_ddiv                  
00003b4d  __aeabi_dmul                  
00002ed5  __aeabi_dsub                  
000049e1  __aeabi_errno_addr            
00004749  __aeabi_f2d                   
00004819  __aeabi_i2d                   
0000308b  __aeabi_idiv0                 
0000308b  __aeabi_ldiv0                 
00004101  __aeabi_memclr                
00004101  __aeabi_memclr4               
00004101  __aeabi_memclr8               
00003ec3  __aeabi_memcpy                
00003ec3  __aeabi_memcpy4               
00003ec3  __aeabi_memcpy8               
00004103  __aeabi_memset                
00004103  __aeabi_memset4               
00004103  __aeabi_memset8               
00003f5f  __aeabi_uldivmod              
ffffffff  __binit__                     
ffffffff  __c_args__                    
UNDEFED   __mpu_init                    
20000270  __stack                       
20000000  __start___llvm_prf_cnts       
20000000  __stop___llvm_prf_cnts        
00003341  __vla_alloc                   
000041f5  __vla_dealloc                 
000047b5  _c_int00_noargs               
000049fc  _ctypes_                      
20002350  _lock                         
000018db  _nop                          
20002370  _running                      
20001270  _sys_memory                   
UNDEFED   _system_post_cinit            
000049f5  _system_pre_init              
20002310  _timeout_ticks                
20002354  _unlock                       
000049f9  abort                         
00003a4d  aligned_alloc                 
00004579  atoi                          
00001d79  backward                      
ffffffff  binit                         
00004711  calloc                        
000048c5  copysign                      
000048c5  copysignl                     
00002749  cyBOT_SERVO_cal               
000026d7  cyBOT_Scan                    
0000267f  cyBOT_init_Scan               
20002360  cyBOT_scan_features           
00002671  cyBOT_scan_version            
00003195  cyBot_UART1_Handler           
0000317b  cyBot_getByte                 
0000308d  cyBot_sendByte                
0000315d  cyBot_uart_flush              
000030cb  cyBot_uart_init               
000030b3  cyBot_uart_sendBuffer         
00003099  cyBot_uart_sendStr            
20002368  errno                         
20002314  fallingEdge                   
00001d0d  forward                       
00003c49  free                          
00004419  frexp                         
00004419  frexpl                        
20000000  g_pfnRAMVectors               
00000000  g_pfnVectors                  
0000097f  go_charge                     
000038d3  ir_enableInterrupt            
000038b5  ir_getDistance                
0000388d  ir_getValue                   
00003825  ir_init                       
2000232c  isRisingEdge                  
200022c4  isr_char_buffer               
20002364  isr_counter                   
20002318  isr_int_value                 
0000499f  lcd_clear                     
000022ad  lcd_gotoLine                  
00002115  lcd_init                      
00002313  lcd_printf                    
000021d5  lcd_putc                      
0000220d  lcd_puts                      
000020d9  lcd_reverseNibble             
0000222b  lcd_sendCommand               
00002269  lcd_sendNibble                
000022d5  lcd_setCursorPos              
0000393d  ldexp                         
0000393d  ldexpl                        
2000231c  left_calibration_value        
000018dd  main                          
000049e9  malloc                        
00003a4d  memalign                      
000048a9  memccpy                       
00003ec3  memcpy                        
00004109  memset                        
20002330  motor_cal_factor_L            
20002334  motor_cal_factor_R            
00001ead  obstacle_bumper               
0000026d  oi_alloc                      
00000aa9  oi_checkFirmware              
000002c7  oi_close                      
00000279  oi_free                       
00000ded  oi_getMotorCalibrationLeft    
00000e01  oi_getMotorCalibrationRight   
000002b1  oi_init                       
00000289  oi_init_noupdate              
00000915  oi_loadSong                   
0000490f  oi_parseInt                   
0000032b  oi_parsePacket                
0000096b  oi_play_song                  
0000084b  oi_setLeds                    
00000db1  oi_setMotorCalibration        
0000088f  oi_setWheels                  
00000b51  oi_shutoff_init               
0000098d  oi_uartInit                   
00000a31  oi_uartReceive                
00000a77  oi_uartSendBuff               
00000a15  oi_uartSendChar               
00000a59  oi_uartSendStr                
000002d9  oi_update                     
00002c5b  ping_getDistance              
00002b19  ping_init                     
00002b9f  ping_trigger                  
20002320  pulseLength                   
00002065  putty                         
00003d2d  realloc                       
20002324  right_calibration_value       
20002328  risingEdge                    
0000393d  scalbn                        
0000393d  scalbnl                       
000031e9  servo_init                    
00003279  servo_move                    
000032d9  servo_setPWM                  
0000326d  servo_stop                    
00004651  sprintf                       
0000493f  strchr                        
00004927  strcmp                        
00004955  strcpy                        
00004969  strlen                        
000029ef  timer_getMicros               
00002997  timer_getMillis               
000028d1  timer_init                    
00002973  timer_pause                   
00002985  timer_resume                  
00002949  timer_stop                    
00002a49  timer_waitMicros              
00002a7b  timer_waitMillis              
00001e3f  turn_left                     
00001ddd  turn_right                    
00004691  vsnprintf                     
0000497d  wcslen                        


GLOBAL SYMBOLS: SORTED BY Symbol Address 

address   name                          
-------   ----                          
00000000  __TI_static_base__            
00000000  g_pfnVectors                  
0000026d  oi_alloc                      
00000279  oi_free                       
00000289  oi_init_noupdate              
000002b1  oi_init                       
000002c7  oi_close                      
000002d9  oi_update                     
0000032b  oi_parsePacket                
0000084b  oi_setLeds                    
0000088f  oi_setWheels                  
00000915  oi_loadSong                   
0000096b  oi_play_song                  
0000097f  go_charge                     
0000098d  oi_uartInit                   
00000a15  oi_uartSendChar               
00000a31  oi_uartReceive                
00000a59  oi_uartSendStr                
00000a77  oi_uartSendBuff               
00000aa9  oi_checkFirmware              
00000b51  oi_shutoff_init               
00000bc3  GPIOF_Handler                 
00000db1  oi_setMotorCalibration        
00000ded  oi_getMotorCalibrationLeft    
00000e01  oi_getMotorCalibrationRight   
00000e8d  __TI_printfi                  
00001000  __STACK_SIZE                  
00001000  __SYSMEM_SIZE                 
000018db  _nop                          
000018dd  main                          
00001d0d  forward                       
00001d79  backward                      
00001ddd  turn_right                    
00001e3f  turn_left                     
00001ead  obstacle_bumper               
00002065  putty                         
000020d9  lcd_reverseNibble             
00002115  lcd_init                      
000021d5  lcd_putc                      
0000220d  lcd_puts                      
0000222b  lcd_sendCommand               
00002269  lcd_sendNibble                
000022ad  lcd_gotoLine                  
000022d5  lcd_setCursorPos              
00002313  lcd_printf                    
00002671  cyBOT_scan_version            
0000267f  cyBOT_init_Scan               
000026d7  cyBOT_Scan                    
00002749  cyBOT_SERVO_cal               
000028d1  timer_init                    
00002949  timer_stop                    
00002973  timer_pause                   
00002985  timer_resume                  
00002997  timer_getMillis               
000029ef  timer_getMicros               
00002a49  timer_waitMicros              
00002a7b  timer_waitMillis              
00002b19  ping_init                     
00002b9f  ping_trigger                  
00002c09  TIMER3B_Handler               
00002c5b  ping_getDistance              
00002ed5  __aeabi_dsub                  
00002edf  __aeabi_dadd                  
0000308b  __aeabi_idiv0                 
0000308b  __aeabi_ldiv0                 
0000308d  cyBot_sendByte                
00003099  cyBot_uart_sendStr            
000030b3  cyBot_uart_sendBuffer         
000030cb  cyBot_uart_init               
0000315d  cyBot_uart_flush              
0000317b  cyBot_getByte                 
00003195  cyBot_UART1_Handler           
000031e9  servo_init                    
0000326d  servo_stop                    
00003279  servo_move                    
000032d9  servo_setPWM                  
00003341  __vla_alloc                   
000035c9  __aeabi_ddiv                  
00003825  ir_init                       
0000388d  ir_getValue                   
000038b5  ir_getDistance                
000038bd  ADC0SS0_Handler               
000038d3  ir_enableInterrupt            
0000393d  ldexp                         
0000393d  ldexpl                        
0000393d  scalbn                        
0000393d  scalbnl                       
00003a4d  aligned_alloc                 
00003a4d  memalign                      
00003b4d  __aeabi_dmul                  
00003c49  free                          
00003d2d  realloc                       
00003ec3  __aeabi_memcpy                
00003ec3  __aeabi_memcpy4               
00003ec3  __aeabi_memcpy8               
00003ec3  memcpy                        
00003f5f  __aeabi_uldivmod              
00003ff5  __aeabi_cdcmpeq               
00003ff5  __aeabi_cdcmple               
0000407b  __aeabi_cdrcmple              
00004101  __aeabi_memclr                
00004101  __aeabi_memclr4               
00004101  __aeabi_memclr8               
00004103  __aeabi_memset                
00004103  __aeabi_memset4               
00004103  __aeabi_memset8               
00004109  memset                        
000041f5  __vla_dealloc                 
00004343  __aeabi_d2f                   
000043b1  __TI_decompress_lzss          
00004419  frexp                         
00004419  frexpl                        
000044d3  __TI_ltoa                     
00004579  atoi                          
000045c5  __aeabi_d2iz                  
0000460d  __TI_auto_init_nobinit_nopinit
00004651  sprintf                       
00004691  vsnprintf                     
00004711  calloc                        
00004749  __aeabi_f2d                   
00004781  IntRegister                   
000047b5  _c_int00_noargs               
00004819  __aeabi_i2d                   
00004871  __TI_zero_init_nomemset       
000048a9  memccpy                       
000048c5  copysign                      
000048c5  copysignl                     
0000490f  oi_parseInt                   
00004927  strcmp                        
0000493f  strchr                        
00004955  strcpy                        
00004969  strlen                        
0000497d  wcslen                        
0000498f  IntMasterEnable               
0000499f  lcd_clear                     
000049af  __TI_decompress_none          
000049bd  CPUcpsie                      
000049c9  ResetISR                      
000049e1  __aeabi_errno_addr            
000049e9  malloc                        
000049f1  __abort_execution             
000049f5  _system_pre_init              
000049f9  C$$EXIT                       
000049f9  abort                         
000049fc  _ctypes_                      
00004b34  __TI_Handler_Table_Base       
00004b40  __TI_Handler_Table_Limit      
00004b50  __TI_CINIT_Base               
00004b68  __TI_CINIT_Limit              
20000000  __start___llvm_prf_cnts       
20000000  __stop___llvm_prf_cnts        
20000000  g_pfnRAMVectors               
20000270  __stack                       
20000470  __STACK_TOP                   
20001270  __STACK_END                   
20001270  _sys_memory                   
200022c4  isr_char_buffer               
20002310  _timeout_ticks                
20002314  fallingEdge                   
20002318  isr_int_value                 
2000231c  left_calibration_value        
20002320  pulseLength                   
20002324  right_calibration_value       
20002328  risingEdge                    
2000232c  isRisingEdge                  
20002330  motor_cal_factor_L            
20002334  motor_cal_factor_R            
20002350  _lock                         
20002354  _unlock                       
20002360  cyBOT_scan_features           
20002364  isr_counter                   
20002368  errno                         
20002370  _running                      
ffffffff  __TI_pprof_out_hndl           
ffffffff  __TI_prof_data_size           
ffffffff  __TI_prof_data_start          
ffffffff  __binit__                     
ffffffff  __c_args__                    
ffffffff  binit                         
UNDEFED   __mpu_init                    
UNDEFED   _system_post_cinit            

[181 symbols]
